[Licensing::Module] Trying to connect to existing licensing client channel...
[Licensing::IpcConnector] Successfully connected to the License Client on channel: "LicenseClient-foxgen" at "2024-09-10T13:41:36.2230958Z"
[Licensing::Client] Error: HandshakeResponse reported an error:
	ResponseCode: 505
	ResponseStatus: Unsupported protocol version '1.15.5'.
[Licensing::Module] Error: Failed to handshake to channel: "LicenseClient-foxgen"
[Licensing::IpcConnector] License Client channel disconnected successfully.
[Licensing::IpcConnector] Connection attempt to the License Client on channel: "LicenseClient-foxgen-2022.3.38" failed because channel doesn't exist; code: "0x80000002"
[Licensing::Module] Successfully launched the LicensingClient (PId: 27728)
[Licensing::IpcConnector] Successfully connected to the License Client on channel: "LicenseClient-foxgen-2022.3.38" at "2024-09-10T13:41:38.9601191Z"
[Licensing::Client] Error: Code 10 while verifying Licensing Client signature (process Id: 27728, path: "C:/Program Files/Unity/Hub/Editor/2022.3.38f1/Editor/Data/Resources/Licensing/Client/Unity.Licensing.Client.exe")
[Licensing::Module] Error: LicensingClient has failed validation; ignoring
[Licensing::Client] Handshaking with LicensingClient:
  Version:                 1.15.5+a2f8afb
  Session Id:              226c0f63da58484a94f3de0b639a07c8
  Correlation Id:          6577e8ff4a2eb55b156b1b11471f7113
  External correlation Id: 6153291401540383210
  Machine Id:              VWnlJ9rECaPjFt81bHl4ZFDfxrM=
[Licensing::Module] Successfully connected to LicensingClient on channel: "LicenseClient-foxgen-2022.3.38" (connect: 1.27s, validation: 0.10s, handshake: 0.02s)
[Licensing::IpcConnector] Successfully connected to the License Notification on channel: "LicenseClient-foxgen-2022.3.38-notifications" at "2024-09-10T13:41:39.0830784Z"
[Licensing::Module] Connected to LicensingClient (PId: 27728, launch time: 0.06, total connection time: 1.39s)
[Licensing::Module] Error: Access token is unavailable; failed to update
[Licensing::Client] Successfully updated license
Built from '2022.3/staging' branch; Version is '2022.3.38f1 (c5d5a7410213) revision 12965287'; Using compiler version '192829333'; Build Type 'Release'
OS: 'Windows 10  (10.0.19045) 64bit Professional' Language: 'ru' Physical Memory: 16287 MB
[Licensing::Client] Successfully resolved entitlements
[Licensing::Module] Serial number assigned to: "F4-JHJR-9PVD-7SNA-K5JF-XXXX"
BatchMode: 1, IsHumanControllingUs: 0, StartBugReporterOnCrash: 0, Is64bit: 1, IsPro: 0

COMMAND LINE ARGUMENTS:
Unity
-quit
-batchmode
-projectpath
.
-buildWindowsPlayer
.\target\Horror.exe
-logFile
.\buildlogs\logs.log
Successfully changed project path to: C:/Users/foxgen/Horror
C:/Users/foxgen/Horror
[UnityMemory] Configuration Parameters - Can be set up in boot.config
    "memorysetup-bucket-allocator-granularity=16"
    "memorysetup-bucket-allocator-bucket-count=8"
    "memorysetup-bucket-allocator-block-size=33554432"
    "memorysetup-bucket-allocator-block-count=8"
    "memorysetup-main-allocator-block-size=16777216"
    "memorysetup-thread-allocator-block-size=16777216"
    "memorysetup-gfx-main-allocator-block-size=16777216"
    "memorysetup-gfx-thread-allocator-block-size=16777216"
    "memorysetup-cache-allocator-block-size=4194304"
    "memorysetup-typetree-allocator-block-size=2097152"
    "memorysetup-profiler-bucket-allocator-granularity=16"
    "memorysetup-profiler-bucket-allocator-bucket-count=8"
    "memorysetup-profiler-bucket-allocator-block-size=33554432"
    "memorysetup-profiler-bucket-allocator-block-count=8"
    "memorysetup-profiler-allocator-block-size=16777216"
    "memorysetup-profiler-editor-allocator-block-size=1048576"
    "memorysetup-temp-allocator-size-main=16777216"
    "memorysetup-job-temp-allocator-block-size=2097152"
    "memorysetup-job-temp-allocator-block-size-background=1048576"
    "memorysetup-job-temp-allocator-reduction-small-platforms=262144"
    "memorysetup-allocator-temp-initial-block-size-main=262144"
    "memorysetup-allocator-temp-initial-block-size-worker=262144"
    "memorysetup-temp-allocator-size-background-worker=32768"
    "memorysetup-temp-allocator-size-job-worker=262144"
    "memorysetup-temp-allocator-size-preload-manager=33554432"
    "memorysetup-temp-allocator-size-nav-mesh-worker=65536"
    "memorysetup-temp-allocator-size-audio-worker=65536"
    "memorysetup-temp-allocator-size-cloud-worker=32768"
    "memorysetup-temp-allocator-size-gi-baking-worker=262144"
    "memorysetup-temp-allocator-size-gfx=262144"
Player connection [5084]  Target information:

Player connection [5084]  * "[IP] 172.30.32.1 [Port] 55504 [Flags] 2 [Guid] 957842917 [EditorId] 957842917 [Version] 1048832 [Id] WindowsEditor(7,DESKTOP-CJCC8C0) [Debug] 1 [PackageName] WindowsEditor [ProjectName] Editor" 

Player connection [5084]  * "[IP] 192.168.56.1 [Port] 55504 [Flags] 2 [Guid] 957842917 [EditorId] 957842917 [Version] 1048832 [Id] WindowsEditor(7,DESKTOP-CJCC8C0) [Debug] 1 [PackageName] WindowsEditor [ProjectName] Editor" 

Player connection [5084]  * "[IP] 192.168.0.3 [Port] 55504 [Flags] 2 [Guid] 957842917 [EditorId] 957842917 [Version] 1048832 [Id] WindowsEditor(7,DESKTOP-CJCC8C0) [Debug] 1 [PackageName] WindowsEditor [ProjectName] Editor" 

Player connection [5084] Host joined multi-casting on [225.0.0.222:54997]...
Player connection [5084] Host joined alternative multi-casting on [225.0.0.222:34997]...
[PhysX] Initialized MultithreadedTaskDispatcher with 28 workers.
[Package Manager] UpmClient::Connect -- Connected to IPC stream "Upm-23928" after 1.0 seconds.
[Licensing::Client] Successfully resolved entitlements
[Package Manager] Restoring resolved packages state from cache
[Licensing::Client] Successfully resolved entitlement details
[Package Manager] Registered 53 packages:
  Packages from [https://packages.unity.com]:
    com.unity.ai.navigation@1.1.5 (location: C:\Users\foxgen\Horror\Library\PackageCache\com.unity.ai.navigation@1.1.5)
    com.unity.cinemachine@2.10.1 (location: C:\Users\foxgen\Horror\Library\PackageCache\com.unity.cinemachine@2.10.1)
    com.unity.collab-proxy@2.4.4 (location: C:\Users\foxgen\Horror\Library\PackageCache\com.unity.collab-proxy@2.4.4)
    com.unity.ide.rider@3.0.31 (location: C:\Users\foxgen\Horror\Library\PackageCache\com.unity.ide.rider@3.0.31)
    com.unity.ide.visualstudio@2.0.22 (location: C:\Users\foxgen\Horror\Library\PackageCache\com.unity.ide.visualstudio@2.0.22)
    com.unity.ide.vscode@1.2.5 (location: C:\Users\foxgen\Horror\Library\PackageCache\com.unity.ide.vscode@1.2.5)
    com.unity.inputsystem@1.7.0 (location: C:\Users\foxgen\Horror\Library\PackageCache\com.unity.inputsystem@1.7.0)
    com.unity.nuget.newtonsoft-json@3.2.1 (location: C:\Users\foxgen\Horror\Library\PackageCache\com.unity.nuget.newtonsoft-json@3.2.1)
    com.unity.test-framework@1.1.33 (location: C:\Users\foxgen\Horror\Library\PackageCache\com.unity.test-framework@1.1.33)
    com.unity.textmeshpro@3.0.6 (location: C:\Users\foxgen\Horror\Library\PackageCache\com.unity.textmeshpro@3.0.6)
    com.unity.timeline@1.7.6 (location: C:\Users\foxgen\Horror\Library\PackageCache\com.unity.timeline@1.7.6)
    com.unity.visualscripting@1.9.4 (location: C:\Users\foxgen\Horror\Library\PackageCache\com.unity.visualscripting@1.9.4)
    com.unity.ext.nunit@1.0.6 (location: C:\Users\foxgen\Horror\Library\PackageCache\com.unity.ext.nunit@1.0.6)
    com.unity.mathematics@1.2.6 (location: C:\Users\foxgen\Horror\Library\PackageCache\com.unity.mathematics@1.2.6)
    com.unity.burst@1.8.16 (location: C:\Users\foxgen\Horror\Library\PackageCache\com.unity.burst@1.8.16)
    com.unity.searcher@4.9.2 (location: C:\Users\foxgen\Horror\Library\PackageCache\com.unity.searcher@4.9.2)
  Built-in packages:
    com.unity.render-pipelines.universal@14.0.11 (location: C:\Users\foxgen\Horror\Library\PackageCache\com.unity.render-pipelines.universal@14.0.11)
    com.unity.ugui@1.0.0 (location: C:\Users\foxgen\Horror\Library\PackageCache\com.unity.ugui@1.0.0)
    com.unity.modules.ai@1.0.0 (location: C:\Users\foxgen\Horror\Library\PackageCache\com.unity.modules.ai@1.0.0)
    com.unity.modules.androidjni@1.0.0 (location: C:\Users\foxgen\Horror\Library\PackageCache\com.unity.modules.androidjni@1.0.0)
    com.unity.modules.animation@1.0.0 (location: C:\Users\foxgen\Horror\Library\PackageCache\com.unity.modules.animation@1.0.0)
    com.unity.modules.assetbundle@1.0.0 (location: C:\Users\foxgen\Horror\Library\PackageCache\com.unity.modules.assetbundle@1.0.0)
    com.unity.modules.audio@1.0.0 (location: C:\Users\foxgen\Horror\Library\PackageCache\com.unity.modules.audio@1.0.0)
    com.unity.modules.cloth@1.0.0 (location: C:\Users\foxgen\Horror\Library\PackageCache\com.unity.modules.cloth@1.0.0)
    com.unity.modules.director@1.0.0 (location: C:\Users\foxgen\Horror\Library\PackageCache\com.unity.modules.director@1.0.0)
    com.unity.modules.imageconversion@1.0.0 (location: C:\Users\foxgen\Horror\Library\PackageCache\com.unity.modules.imageconversion@1.0.0)
    com.unity.modules.imgui@1.0.0 (location: C:\Users\foxgen\Horror\Library\PackageCache\com.unity.modules.imgui@1.0.0)
    com.unity.modules.jsonserialize@1.0.0 (location: C:\Users\foxgen\Horror\Library\PackageCache\com.unity.modules.jsonserialize@1.0.0)
    com.unity.modules.particlesystem@1.0.0 (location: C:\Users\foxgen\Horror\Library\PackageCache\com.unity.modules.particlesystem@1.0.0)
    com.unity.modules.physics@1.0.0 (location: C:\Users\foxgen\Horror\Library\PackageCache\com.unity.modules.physics@1.0.0)
    com.unity.modules.physics2d@1.0.0 (location: C:\Users\foxgen\Horror\Library\PackageCache\com.unity.modules.physics2d@1.0.0)
    com.unity.modules.screencapture@1.0.0 (location: C:\Users\foxgen\Horror\Library\PackageCache\com.unity.modules.screencapture@1.0.0)
    com.unity.modules.terrain@1.0.0 (location: C:\Users\foxgen\Horror\Library\PackageCache\com.unity.modules.terrain@1.0.0)
    com.unity.modules.terrainphysics@1.0.0 (location: C:\Users\foxgen\Horror\Library\PackageCache\com.unity.modules.terrainphysics@1.0.0)
    com.unity.modules.tilemap@1.0.0 (location: C:\Users\foxgen\Horror\Library\PackageCache\com.unity.modules.tilemap@1.0.0)
    com.unity.modules.ui@1.0.0 (location: C:\Users\foxgen\Horror\Library\PackageCache\com.unity.modules.ui@1.0.0)
    com.unity.modules.uielements@1.0.0 (location: C:\Users\foxgen\Horror\Library\PackageCache\com.unity.modules.uielements@1.0.0)
    com.unity.modules.umbra@1.0.0 (location: C:\Users\foxgen\Horror\Library\PackageCache\com.unity.modules.umbra@1.0.0)
    com.unity.modules.unityanalytics@1.0.0 (location: C:\Users\foxgen\Horror\Library\PackageCache\com.unity.modules.unityanalytics@1.0.0)
    com.unity.modules.unitywebrequest@1.0.0 (location: C:\Users\foxgen\Horror\Library\PackageCache\com.unity.modules.unitywebrequest@1.0.0)
    com.unity.modules.unitywebrequestassetbundle@1.0.0 (location: C:\Users\foxgen\Horror\Library\PackageCache\com.unity.modules.unitywebrequestassetbundle@1.0.0)
    com.unity.modules.unitywebrequestaudio@1.0.0 (location: C:\Users\foxgen\Horror\Library\PackageCache\com.unity.modules.unitywebrequestaudio@1.0.0)
    com.unity.modules.unitywebrequesttexture@1.0.0 (location: C:\Users\foxgen\Horror\Library\PackageCache\com.unity.modules.unitywebrequesttexture@1.0.0)
    com.unity.modules.unitywebrequestwww@1.0.0 (location: C:\Users\foxgen\Horror\Library\PackageCache\com.unity.modules.unitywebrequestwww@1.0.0)
    com.unity.modules.vehicles@1.0.0 (location: C:\Users\foxgen\Horror\Library\PackageCache\com.unity.modules.vehicles@1.0.0)
    com.unity.modules.video@1.0.0 (location: C:\Users\foxgen\Horror\Library\PackageCache\com.unity.modules.video@1.0.0)
    com.unity.modules.vr@1.0.0 (location: C:\Users\foxgen\Horror\Library\PackageCache\com.unity.modules.vr@1.0.0)
    com.unity.modules.wind@1.0.0 (location: C:\Users\foxgen\Horror\Library\PackageCache\com.unity.modules.wind@1.0.0)
    com.unity.modules.xr@1.0.0 (location: C:\Users\foxgen\Horror\Library\PackageCache\com.unity.modules.xr@1.0.0)
    com.unity.modules.subsystems@1.0.0 (location: C:\Users\foxgen\Horror\Library\PackageCache\com.unity.modules.subsystems@1.0.0)
    com.unity.render-pipelines.core@14.0.11 (location: C:\Users\foxgen\Horror\Library\PackageCache\com.unity.render-pipelines.core@14.0.11)
    com.unity.shadergraph@14.0.11 (location: C:\Users\foxgen\Horror\Library\PackageCache\com.unity.shadergraph@14.0.11)
    com.unity.render-pipelines.universal-config@14.0.10 (location: C:\Users\foxgen\Horror\Library\PackageCache\com.unity.render-pipelines.universal-config@14.0.10)
[Subsystems] No new subsystems found in resolved package list.
Package Manager log level set to [2]
[Package Manager] Done registering packages in 0.25 seconds
Refreshing native plugins compatible for Editor in 728.43 ms, found 3 plugins.
Preloading 0 native plugins for Editor in 0.00 ms.
Initialize engine version: 2022.3.38f1 (c5d5a7410213)
[Subsystems] Discovering subsystems at path C:/Program Files/Unity/Hub/Editor/2022.3.38f1/Editor/Data/Resources/UnitySubsystems
[Subsystems] Discovering subsystems at path C:/Users/foxgen/Horror/Assets
GfxDevice: creating device client; threaded=0; jobified=0
Direct3D:
    Version:  Direct3D 11.0 [level 11.1]
    Renderer: NVIDIA GeForce RTX 4060 (ID=0x2882)
    Vendor:   NVIDIA
    VRAM:     7957 MB
    Driver:   32.0.15.6070
[Licensing::Client] Successfully resolved entitlements
Initialize mono
Mono path[0] = 'C:/Program Files/Unity/Hub/Editor/2022.3.38f1/Editor/Data/Managed'
Mono path[1] = 'C:/Program Files/Unity/Hub/Editor/2022.3.38f1/Editor/Data/MonoBleedingEdge/lib/mono/unityjit-win32'
Mono config path = 'C:/Program Files/Unity/Hub/Editor/2022.3.38f1/Editor/Data/MonoBleedingEdge/etc'
Using monoOptions --debugger-agent=transport=dt_socket,embedding=1,server=y,suspend=n,address=127.0.0.1:56928
Using cacheserver namespaces - metadata:defaultmetadata, artifacts:defaultartifacts
Using cacheserver namespaces - metadata:defaultmetadata, artifacts:defaultartifacts
ImportWorker Server TCP listen port: 0
Begin MonoManager ReloadAssembly
Registering precompiled unity dll's ...
Register platform support module: C:/Program Files/Unity/Hub/Editor/2022.3.38f1/Editor/Data/PlaybackEngines/WebGLSupport/UnityEditor.WebGL.Extensions.dll
[Licensing::Client] Successfully resolved entitlements
Register platform support module: C:/Program Files/Unity/Hub/Editor/2022.3.38f1/Editor/Data/PlaybackEngines/AndroidPlayer/UnityEditor.Android.Extensions.dll
Register platform support module: C:/Program Files/Unity/Hub/Editor/2022.3.38f1/Editor/Data/PlaybackEngines/WindowsStandaloneSupport/UnityEditor.WindowsStandalone.Extensions.dll
Registered in 0.032618 seconds.
- Loaded All Assemblies, in  3.291 seconds
Native extension for WindowsStandalone target not found
Native extension for Android target not found
Android Extension - Scanning For ADB Devices 2568 ms
Native extension for WebGL target not found
Mono: successfully reloaded assembly
- Finished resetting the current domain, in  3.085 seconds
Domain Reload Profiling: 6375ms
	BeginReloadAssembly (2813ms)
		ExecutionOrderSort (0ms)
		DisableScriptedObjects (0ms)
		BackupInstance (0ms)
		ReleaseScriptingObjects (0ms)
		CreateAndSetChildDomain (3ms)
	RebuildCommonClasses (59ms)
	RebuildNativeTypeToScriptingClass (15ms)
	initialDomainReloadingComplete (112ms)
	LoadAllAssembliesAndSetupDomain (291ms)
		LoadAssemblies (2808ms)
		RebuildTransferFunctionScriptingTraits (0ms)
		AnalyzeDomain (285ms)
			TypeCache.Refresh (283ms)
				TypeCache.ScanAssembly (261ms)
			ScanForSourceGeneratedMonoScriptInfo (1ms)
			ResolveRequiredComponents (1ms)
	FinalizeReload (3086ms)
		ReleaseScriptCaches (0ms)
		RebuildScriptCaches (0ms)
		SetupLoadedEditorAssemblies (3002ms)
			LogAssemblyErrors (0ms)
			InitializePlatformSupportModulesInManaged (2738ms)
			SetLoadedEditorAssemblies (6ms)
			RefreshPlugins (0ms)
			BeforeProcessingInitializeOnLoad (5ms)
			ProcessInitializeOnLoadAttributes (182ms)
			ProcessInitializeOnLoadMethodAttributes (71ms)
			AfterProcessingInitializeOnLoad (0ms)
			EditorAssembliesLoaded (0ms)
		ExecutionOrderSort2 (0ms)
		AwakeInstancesAfterBackupRestoration (0ms)
[Licensing::Client] Successfully resolved entitlements
Application.AssetDatabase Initial Refresh Start
Starting: C:\Program Files\Unity\Hub\Editor\2022.3.38f1\Editor\Data\bee_backend.exe --dont-print-to-structured-log --ipc --defer-dag-verification --dagfile="Library/Bee/500b0aEDbg.dag" --continue-on-failure --profile="Library/Bee/backend1.traceevents" ScriptAssemblies
WorkingDir: C:/Users/foxgen/Horror
DisplayProgressbar: Compiling Scripts
ExitCode: 0 Duration: 0s841ms
[355/646    0s] WriteResponseFile Library/Bee/artifacts/rsp/4747638433968585886.rsp
[510/646    0s] ILPP-Configuration Library/ilpp-configuration.nevergeneratedoutput
*** Tundra build success (0.78 seconds), 2 items updated, 646 evaluated
AssetDatabase: script compilation time: 1.814138s
Begin MonoManager ReloadAssembly
- Loaded All Assemblies, in  3.831 seconds
Refreshing native plugins compatible for Editor in 6.90 ms, found 3 plugins.
Preloading 0 native plugins for Editor in 0.00 ms.
Refreshing native plugins compatible for Editor in 7.68 ms, found 3 plugins.
Native extension for WindowsStandalone target not found
Native extension for Android target not found
Native extension for WebGL target not found
[Licensing::Client] Successfully resolved entitlement details
Mono: successfully reloaded assembly
- Finished resetting the current domain, in  8.764 seconds
Domain Reload Profiling: 12590ms
	BeginReloadAssembly (215ms)
		ExecutionOrderSort (0ms)
		DisableScriptedObjects (8ms)
		BackupInstance (0ms)
		ReleaseScriptingObjects (0ms)
		CreateAndSetChildDomain (44ms)
	RebuildCommonClasses (44ms)
	RebuildNativeTypeToScriptingClass (14ms)
	initialDomainReloadingComplete (48ms)
	LoadAllAssembliesAndSetupDomain (3503ms)
		LoadAssemblies (3175ms)
		RebuildTransferFunctionScriptingTraits (0ms)
		AnalyzeDomain (447ms)
			TypeCache.Refresh (379ms)
				TypeCache.ScanAssembly (346ms)
			ScanForSourceGeneratedMonoScriptInfo (38ms)
			ResolveRequiredComponents (28ms)
	FinalizeReload (8765ms)
		ReleaseScriptCaches (0ms)
		RebuildScriptCaches (0ms)
		SetupLoadedEditorAssemblies (7939ms)
			LogAssemblyErrors (0ms)
			InitializePlatformSupportModulesInManaged (45ms)
			SetLoadedEditorAssemblies (10ms)
			RefreshPlugins (0ms)
			BeforeProcessingInitializeOnLoad (228ms)
			ProcessInitializeOnLoadAttributes (7527ms)
			ProcessInitializeOnLoadMethodAttributes (116ms)
			AfterProcessingInitializeOnLoad (12ms)
			EditorAssembliesLoaded (0ms)
		ExecutionOrderSort2 (0ms)
		AwakeInstancesAfterBackupRestoration (10ms)
Asset Pipeline Refresh (id=b8be9a9fe5eda664c9f774c9427095f3): Total: 55.694 seconds - Initiated by InitialRefreshV2(ForceSynchronousImport)
	Summary:
		Imports: total=0 (actual=0, local cache=0, cache server=0)
		Asset DB Process Time: managed=0 ms, native=40896 ms
		Asset DB Callback time: managed=21 ms, native=1 ms
		Scripting: domain reloads=1, domain reload time=12800 ms, compile time=1814 ms, other=158 ms
		Project Asset Count: scripts=7762, non-scripts=3610
		Asset File Changes: new=0, changed=0, moved=0, deleted=0
		Scan Filter Count: 0
	InvokeBeforeRefreshCallbacks: 1.137ms
	ApplyChangesToAssetFolders: 0.261ms
	Scan: 135.730ms
	OnSourceAssetsModified: 0.006ms
	GetAllGuidsForCategorization: 2.595ms
	CategorizeAssets: 390.111ms
	ImportOutOfDateAssets: 8866.055ms (6987.129ms without children)
		CompileScripts: 1814.281ms
		ReloadNativeAssets: 0.036ms
		UnloadImportedAssets: 53.111ms
		EnsureUptoDateAssetsAreRegisteredWithGuidPM: 4.684ms
		InitializingProgressBar: 2.967ms
		PostProcessAllAssetNotificationsAddChangedAssets: 0.001ms
		OnDemandSchedulerStart: 3.845ms
	PostProcessAllAssets: 21.931ms
	GatherAllCurrentPrimaryArtifactRevisions: 0.005ms
	UnloadStreamsBegin: 3.357ms
	PersistCurrentRevisions: 0.519ms
	UnloadStreamsEnd: 0.119ms
	GenerateScriptTypeHashes: 6.953ms
	Untracked: 46272.014ms
Application.AssetDatabase Initial Refresh End
Launched and connected shader compiler UnityShaderCompiler.exe after 0.15 seconds
Scanning for USB devices : 4.372ms
Initializing Unity extensions:
[Licensing::Client] Successfully resolved entitlements
[MODES] ModeService[none].Initialize
[MODES] ModeService[none].LoadModes
[MODES] Loading mode Default (0) for mode-current-id-Horror
[Licensing::Client] Successfully resolved entitlements
[PhysX] Initialized MultithreadedTaskDispatcher with 28 workers.
ProgressiveSceneManager::Cancel()
Unloading 7 Unused Serialized files (Serialized files now loaded: 0)
Unloading 102 unused Assets / (0.8 MB). Loaded Objects now: 6575.
Memory consumption went from 174.8 MB to 174.0 MB.
Total: 8.833700 ms (FindLiveObjects: 0.675800 ms CreateObjectMapping: 0.414600 ms MarkObjects: 7.172800 ms  DeleteObjects: 0.569300 ms)

building x86 windows player!
Start importing ProjectSettings/ProjectSettings.asset using Guid(00000000000000004000000000000000) Importer(-1,00000000000000000000000000000000) [PhysX] Initialized MultithreadedTaskDispatcher with 28 workers.
 -> (artifact id: 'b27af700a1843bcbb90523bdabbe067f') in 0.015881 seconds
Start importing Assets/UHFPS/URP/UHFPS Ultra Quality.asset using Guid(212e9114b0179ca4ca7fb50e6e73cd05) Importer(-1,00000000000000000000000000000000) [PhysX] Initialized MultithreadedTaskDispatcher with 28 workers.
 -> (artifact id: '2a822a1986d6a6ac2900685eb952a4af') in 0.003934 seconds
Refreshing native plugins compatible for Editor in 7.19 ms, found 3 plugins.
Preloading 0 native plugins for Editor in 0.00 ms.
Asset Pipeline Refresh (id=6d71dbda2c92bd2419f54d36c04f253d): Total: 0.167 seconds - Initiated by StopAssetImportingV2(NoUpdateAssetOptions)
Starting: C:\Program Files\Unity\Hub\Editor\2022.3.38f1\Editor\Data\bee_backend.exe --dont-print-to-structured-log --ipc --defer-dag-verification --dagfile="Library/Bee/500b0aEDbgSkipCompile.dag" --continue-on-failure --profile="Library/Bee/backend1.traceevents" ScriptAssembliesAndTypeDB
WorkingDir: C:/Users/foxgen/Horror
ExitCode: 0 Duration: 0s182ms
*** Tundra build success (0.13 seconds), 0 items updated, 3 evaluated
Asset Pipeline Refresh (id=a27014ee5b23afb4d8cd174141ad5f3f): Total: 0.012 seconds - Initiated by RefreshV2(NoUpdateAssetOptions)
[ScriptCompilation] Requested script compilation because: Recompiling scripts for player build.
BuildPlayer: start building target 5
Starting: C:\Program Files\Unity\Hub\Editor\2022.3.38f1\Editor\Data\bee_backend.exe --dont-print-to-structured-log --ipc --defer-dag-verification --dagfile="Library/Bee/500b0aP.dag" --continue-on-failure --profile="Library/Bee/backend1.traceevents" ScriptAssembliesAndTypeDB
WorkingDir: C:/Users/foxgen/Horror
ExitCode: 0 Duration: 0s950ms
[303/442    0s] WriteResponseFile Library/Bee/artifacts/rsp/4747638433968585886.rsp
[310/442    0s] CopyFiles Library/Bee/PlayerScriptAssemblies/UnityEngine.TestRunner.pdb
[311/442    0s] CopyFiles Library/Bee/PlayerScriptAssemblies/UnityEngine.TestRunner.dll
[379/442    0s] ILPP-Configuration Library/ilpp-configuration.nevergeneratedoutput
[388/442    0s] CopyFiles Library/Bee/PlayerScriptAssemblies/Unity.RenderPipelines.Core.ShaderLibrary.dll
[389/442    0s] CopyFiles Library/Bee/PlayerScriptAssemblies/Unity.RenderPipelines.Core.ShaderLibrary.pdb
[400/442    0s] CopyFiles Library/Bee/PlayerScriptAssemblies/Unity.VisualScripting.Core.pdb
[401/442    0s] CopyFiles Library/Bee/PlayerScriptAssemblies/Unity.Timeline.dll
[404/442    0s] CopyFiles Library/Bee/PlayerScriptAssemblies/Unity.InputSystem.dll
[405/442    0s] CopyFiles Library/Bee/PlayerScriptAssemblies/Unity.VisualScripting.Core.dll
[406/442    0s] CopyFiles Library/Bee/PlayerScriptAssemblies/UnityEngine.UI.dll
[407/442    0s] CopyFiles Library/Bee/PlayerScriptAssemblies/Unity.VisualScripting.State.dll
[408/442    0s] CopyFiles Library/Bee/PlayerScriptAssemblies/UnityEngine.UI.pdb
[409/442    0s] CopyFiles Library/Bee/PlayerScriptAssemblies/Unity.Timeline.pdb
[410/442    0s] CopyFiles Library/Bee/PlayerScriptAssemblies/Unity.VisualScripting.State.pdb
[411/442    0s] CopyFiles Library/Bee/PlayerScriptAssemblies/Unity.Mathematics.pdb
[412/442    0s] CopyFiles Library/Bee/PlayerScriptAssemblies/Unity.RenderPipelines.Universal.Config.Runtime.dll
[413/442    0s] CopyFiles Library/Bee/PlayerScriptAssemblies/Unity.RenderPipelines.Universal.Shaders.dll
[414/442    0s] CopyFiles Library/Bee/PlayerScriptAssemblies/Unity.Mathematics.dll
[415/442    0s] CopyFiles Library/Bee/PlayerScriptAssemblies/Unity.RenderPipelines.Universal.Config.Runtime.pdb
[416/442    0s] CopyFiles Library/Bee/PlayerScriptAssemblies/Unity.RenderPipelines.Core.Runtime.pdb
[417/442    0s] CopyFiles Library/Bee/PlayerScriptAssemblies/Unity.InputSystem.pdb
[418/442    0s] CopyFiles Library/Bee/PlayerScriptAssemblies/Unity.RenderPipelines.ShaderGraph.ShaderGraphLibrary.dll
[419/442    0s] CopyFiles Library/Bee/PlayerScriptAssemblies/Unity.RenderPipelines.Core.Runtime.dll
[420/442    0s] CopyFiles Library/Bee/PlayerScriptAssemblies/Unity.AI.Navigation.dll
[421/442    0s] CopyFiles Library/Bee/PlayerScriptAssemblies/Unity.InputSystem.ForUI.dll
[422/442    0s] CopyFiles Library/Bee/PlayerScriptAssemblies/Unity.RenderPipeline.Universal.ShaderLibrary.dll
[423/442    0s] CopyFiles Library/Bee/PlayerScriptAssemblies/Cinemachine.dll
[424/442    0s] CopyFiles Library/Bee/PlayerScriptAssemblies/Unity.RenderPipelines.Universal.Shaders.pdb
[425/442    0s] CopyFiles Library/Bee/PlayerScriptAssemblies/Unity.RenderPipelines.Universal.Runtime.dll
[426/442    0s] CopyFiles Library/Bee/PlayerScriptAssemblies/Unity.RenderPipelines.Universal.Runtime.pdb
[427/442    0s] CopyFiles Library/Bee/PlayerScriptAssemblies/Unity.Burst.dll
[428/442    0s] CopyFiles Library/Bee/PlayerScriptAssemblies/Unity.Burst.pdb
[429/442    0s] CopyFiles Library/Bee/PlayerScriptAssemblies/Unity.TextMeshPro.pdb
[430/442    0s] CopyFiles Library/Bee/PlayerScriptAssemblies/Unity.InputSystem.ForUI.pdb
[431/442    0s] CopyFiles Library/Bee/PlayerScriptAssemblies/Unity.AI.Navigation.pdb
[432/442    0s] CopyFiles Library/Bee/PlayerScriptAssemblies/Unity.VisualScripting.Flow.dll
[433/442    0s] CopyFiles Library/Bee/PlayerScriptAssemblies/Unity.TextMeshPro.dll
[434/442    0s] CopyFiles Library/Bee/PlayerScriptAssemblies/Unity.VisualScripting.Flow.pdb
[435/442    0s] CopyFiles Library/Bee/PlayerScriptAssemblies/Assembly-CSharp.pdb
[436/442    0s] CopyFiles Library/Bee/PlayerScriptAssemblies/Unity.RenderPipeline.Universal.ShaderLibrary.pdb
[437/442    0s] CopyFiles Library/Bee/PlayerScriptAssemblies/Assembly-CSharp.dll
[438/442    0s] CopyFiles Library/Bee/PlayerScriptAssemblies/Unity.RenderPipelines.ShaderGraph.ShaderGraphLibrary.pdb
[439/442    0s] CopyFiles Library/Bee/PlayerScriptAssemblies/Cinemachine.pdb
*** Tundra build success (0.91 seconds), 44 items updated, 442 evaluated
Not rebuilding Data files -- no changes
[Licensing::Client] Successfully resolved entitlements
Asset Pipeline Refresh (id=3cd2a4f9c24f9a14e9081e5136a29b32): Total: 0.093 seconds - Initiated by RefreshV2(NoUpdateAssetOptions)


Mono dependencies included in the build
Dependency assembly - System.Reflection.DispatchProxy.dll
Dependency assembly - System.Configuration.Install.dll
Dependency assembly - System.IO.FileSystem.Primitives.dll
Dependency assembly - System.Memory.dll
Dependency assembly - System.Drawing.Design.dll
Dependency assembly - System.Security.Cryptography.ProtectedData.dll
Dependency assembly - System.Runtime.Caching.dll
Dependency assembly - Microsoft.Win32.Primitives.dll
Dependency assembly - System.Linq.dll
Dependency assembly - System.ServiceModel.Routing.dll
Dependency assembly - System.Net.HttpListener.dll
Dependency assembly - System.Resources.Writer.dll
Dependency assembly - System.Runtime.Serialization.dll
Dependency assembly - netstandard.dll
Dependency assembly - System.Web.ApplicationServices.dll
Dependency assembly - System.Xml.XPath.XDocument.dll
Dependency assembly - System.Threading.ThreadPool.dll
Dependency assembly - System.EnterpriseServices.dll
Dependency assembly - System.Net.Mail.dll
Dependency assembly - System.Security.Cryptography.Csp.dll
Dependency assembly - System.Net.Security.dll
Dependency assembly - Unity.RenderPipelines.Core.ShaderLibrary.dll
Dependency assembly - System.IO.Compression.ZipFile.dll
Dependency assembly - System.Runtime.DurableInstancing.dll
Dependency assembly - System.Diagnostics.FileVersionInfo.dll
Dependency assembly - System.Security.Cryptography.OpenSsl.dll
Dependency assembly - Unity.RenderPipeline.Universal.ShaderLibrary.dll
Dependency assembly - Unity.Timeline.dll
Dependency assembly - System.Net.Utilities.dll
Dependency assembly - System.Runtime.Serialization.Formatters.dll
Dependency assembly - System.Xml.dll
Dependency assembly - System.Globalization.Extensions.dll
Dependency assembly - System.ServiceModel.Duplex.dll
Dependency assembly - System.Numerics.dll
Dependency assembly - System.Transactions.dll
Dependency assembly - System.Globalization.Calendars.dll
Dependency assembly - System.Linq.Parallel.dll
Dependency assembly - System.Net.NameResolution.dll
Dependency assembly - System.Diagnostics.Debug.dll
Dependency assembly - System.Windows.Forms.DataVisualization.dll
Dependency assembly - System.Security.Cryptography.X509Certificates.dll
Dependency assembly - System.Security.Cryptography.Hashing.Algorithms.dll
Dependency assembly - System.Threading.Overlapped.dll
Dependency assembly - System.Security.Cryptography.RSA.dll
Dependency assembly - Microsoft.Win32.Registry.dll
Dependency assembly - System.Security.Principal.dll
Dependency assembly - UnityEngine.UI.dll
Dependency assembly - System.Runtime.InteropServices.RuntimeInformation.dll
Dependency assembly - System.Threading.Tasks.Parallel.dll
Dependency assembly - System.Diagnostics.TraceEvent.dll
Dependency assembly - System.Reflection.TypeExtensions.dll
Dependency assembly - System.Net.AuthenticationManager.dll
Dependency assembly - System.Runtime.InteropServices.WindowsRuntime.dll
Dependency assembly - System.ComponentModel.EventBasedAsync.dll
Dependency assembly - System.Drawing.Primitives.dll
Dependency assembly - System.Runtime.Loader.dll
Dependency assembly - System.ComponentModel.dll
Dependency assembly - System.ComponentModel.Composition.dll
Dependency assembly - System.Security.Cryptography.Primitives.dll
Dependency assembly - System.IdentityModel.Selectors.dll
Dependency assembly - System.Runtime.Handles.dll
Dependency assembly - System.Diagnostics.Process.dll
Dependency assembly - System.Buffers.dll
Dependency assembly - System.Net.Requests.dll
Dependency assembly - System.Collections.Concurrent.dll
Dependency assembly - System.Web.Extensions.Design.dll
Dependency assembly - System.Reflection.dll
Dependency assembly - System.dll
Dependency assembly - System.Net.WebSockets.dll
Dependency assembly - System.Threading.dll
Dependency assembly - Assembly-CSharp.dll
Dependency assembly - System.Threading.Timer.dll
Dependency assembly - System.ComponentModel.Annotations.dll
Dependency assembly - System.Text.RegularExpressions.dll
Dependency assembly - System.Drawing.dll
Dependency assembly - System.Collections.dll
Dependency assembly - System.Reflection.Emit.ILGeneration.dll
Dependency assembly - System.Security.Claims.dll
Dependency assembly - Unity.VisualScripting.State.dll
Dependency assembly - System.IO.FileSystem.DriveInfo.dll
Dependency assembly - System.Resources.ReaderWriter.dll
Dependency assembly - Unity.RenderPipelines.Universal.Config.Runtime.dll
Dependency assembly - System.ServiceModel.Internals.dll
Dependency assembly - System.Runtime.InteropServices.dll
Dependency assembly - System.Diagnostics.StackTrace.dll
Dependency assembly - System.Net.Http.WebRequest.dll
Dependency assembly - System.Linq.Expressions.dll
Dependency assembly - System.Globalization.dll
Dependency assembly - System.Xml.XPath.XmlDocument.dll
Dependency assembly - System.Web.RegularExpressions.dll
Dependency assembly - System.DirectoryServices.Protocols.dll
Dependency assembly - System.Web.DynamicData.dll
Dependency assembly - System.Xml.Serialization.dll
Dependency assembly - Unity.TextMeshPro.dll
Dependency assembly - System.IO.FileSystem.Watcher.dll
Dependency assembly - System.Security.Cryptography.Encoding.dll
Dependency assembly - System.ServiceProcess.dll
Dependency assembly - System.ComponentModel.DataAnnotations.dll
Dependency assembly - System.Security.SecureString.dll
Dependency assembly - System.Security.Principal.Windows.dll
Dependency assembly - System.Net.Primitives.dll
Dependency assembly - System.Management.dll
Dependency assembly - System.Dynamic.Runtime.dll
Dependency assembly - System.ServiceModel.NetTcp.dll
Dependency assembly - Unity.InputSystem.ForUI.dll
Dependency assembly - System.Data.Services.Client.dll
Dependency assembly - System.IO.FileSystem.dll
Dependency assembly - Microsoft.Win32.Registry.AccessControl.dll
Dependency assembly - System.Security.Cryptography.Encryption.ECDsa.dll
Dependency assembly - mscorlib.dll
Dependency assembly - System.Net.WebHeaderCollection.dll
Dependency assembly - System.Diagnostics.Contracts.dll
Dependency assembly - System.Collections.NonGeneric.dll
Dependency assembly - System.Data.Entity.dll
Dependency assembly - Unity.VisualScripting.Flow.dll
Dependency assembly - System.Design.dll
Dependency assembly - Unity.AI.Navigation.dll
Dependency assembly - System.Diagnostics.Tracing.dll
Dependency assembly - System.IO.Compression.dll
Dependency assembly - System.ServiceModel.Security.dll
Dependency assembly - System.Xml.ReaderWriter.dll
Dependency assembly - System.Net.Ping.dll
Dependency assembly - System.Xml.Xsl.Primitives.dll
Dependency assembly - System.Runtime.Serialization.Primitives.dll
Dependency assembly - System.Reactive.dll
Dependency assembly - System.Console.dll
Dependency assembly - System.IO.FileSystem.AccessControl.dll
Dependency assembly - System.ValueTuple.dll
Dependency assembly - System.Reflection.Context.dll
Dependency assembly - System.IdentityModel.dll
Dependency assembly - Mono.Data.Sqlite.dll
Dependency assembly - System.Xml.XmlSerializer.dll
Dependency assembly - System.Configuration.dll
Dependency assembly - System.Core.dll
Dependency assembly - System.Diagnostics.Tools.dll
Dependency assembly - System.Net.Http.dll
Dependency assembly - System.IO.Compression.FileSystem.dll
Dependency assembly - Unity.Burst.dll
Dependency assembly - System.Web.Services.dll
Dependency assembly - System.ServiceModel.Primitives.dll
Dependency assembly - System.Text.Encoding.CodePages.dll
Dependency assembly - System.Security.Cryptography.Pkcs.dll
Dependency assembly - System.Runtime.Serialization.Xml.dll
Dependency assembly - System.ServiceModel.Activation.dll
Dependency assembly - Unity.VisualScripting.Core.dll
Dependency assembly - System.Security.Cryptography.RandomNumberGenerator.dll
Dependency assembly - System.Net.dll
Dependency assembly - Mono.Data.Tds.dll
Dependency assembly - System.Security.AccessControl.dll
Dependency assembly - System.Web.dll
Dependency assembly - System.Threading.Tasks.dll
Dependency assembly - System.AppContext.dll
Dependency assembly - System.Net.NetworkInformation.dll
Dependency assembly - System.IO.Pipes.dll
Dependency assembly - System.Resources.ResourceManager.dll
Dependency assembly - System.Runtime.Serialization.Formatters.Soap.dll
Dependency assembly - System.Security.dll
Dependency assembly - System.Security.Cryptography.Encryption.Aes.dll
Dependency assembly - System.Data.DataSetExtensions.dll
Dependency assembly - Cinemachine.dll
Dependency assembly - System.Runtime.Numerics.dll
Dependency assembly - System.Diagnostics.TraceSource.dll
Dependency assembly - System.Xaml.dll
Dependency assembly - System.Web.Extensions.dll
Dependency assembly - System.Threading.AccessControl.dll
Dependency assembly - System.Windows.Forms.dll
Dependency assembly - System.Text.Encoding.dll
Dependency assembly - System.ObjectModel.dll
Dependency assembly - System.Security.Cryptography.Encryption.ECDiffieHellman.dll
Dependency assembly - System.Xml.Linq.dll
Dependency assembly - System.Diagnostics.TextWriterTraceListener.dll
Dependency assembly - System.Runtime.Serialization.Json.dll
Dependency assembly - Unity.RenderPipelines.Universal.Runtime.dll
Dependency assembly - System.Net.WebSockets.Client.dll
Dependency assembly - System.ServiceModel.Http.dll
Dependency assembly - System.Net.ServicePoint.dll
Dependency assembly - System.IO.IsolatedStorage.dll
Dependency assembly - System.Runtime.dll
Dependency assembly - Unity.RenderPipelines.Universal.Shaders.dll
Dependency assembly - System.Data.SqlClient.dll
Dependency assembly - System.Json.dll
Dependency assembly - System.Threading.Tasks.Extensions.dll
Dependency assembly - System.IO.MemoryMappedFiles.dll
Dependency assembly - System.ServiceModel.Web.dll
Dependency assembly - System.Reflection.Emit.Lightweight.dll
Dependency assembly - Unity.RenderPipelines.Core.Runtime.dll
Dependency assembly - Unity.RenderPipelines.ShaderGraph.ShaderGraphLibrary.dll
Dependency assembly - Unity.Mathematics.dll
Dependency assembly - System.Net.Sockets.dll
Dependency assembly - System.Xml.XPath.dll
Dependency assembly - System.Runtime.Extensions.dll
Dependency assembly - System.Runtime.CompilerServices.VisualC.dll
Dependency assembly - System.ServiceModel.dll
Dependency assembly - System.Data.OracleClient.dll
Dependency assembly - System.Xml.XmlDocument.dll
Dependency assembly - Unity.Burst.Unsafe.dll
Dependency assembly - System.Collections.Specialized.dll
Dependency assembly - System.Net.Cache.dll
Dependency assembly - System.IO.UnmanagedMemoryStream.dll
Dependency assembly - System.Reflection.Primitives.dll
Dependency assembly - Microsoft.CSharp.dll
Dependency assembly - System.IO.dll
Dependency assembly - System.Data.Services.dll
Dependency assembly - Newtonsoft.Json.dll
Dependency assembly - System.ServiceProcess.ServiceController.dll
Dependency assembly - System.Data.Common.dll
Dependency assembly - System.Messaging.dll
Dependency assembly - System.ComponentModel.Primitives.dll
Dependency assembly - System.Resources.Reader.dll
Dependency assembly - System.ServiceModel.Discovery.dll
Dependency assembly - System.Security.Cryptography.Cng.dll
Dependency assembly - System.Xml.XDocument.dll
Dependency assembly - System.Threading.Thread.dll
Dependency assembly - System.Security.Cryptography.Algorithms.dll
Dependency assembly - System.Reflection.Emit.dll
Dependency assembly - System.Data.Linq.dll
Dependency assembly - System.Reflection.Extensions.dll
Dependency assembly - System.Security.Cryptography.DeriveBytes.dll
Dependency assembly - System.Windows.dll
Dependency assembly - Unity.VisualScripting.Antlr3.Runtime.dll
Dependency assembly - System.Runtime.Remoting.dll
Dependency assembly - Unity.InputSystem.dll
Dependency assembly - System.Security.Cryptography.Encryption.dll
Dependency assembly - System.Data.dll
Dependency assembly - System.Text.Encoding.Extensions.dll
Dependency assembly - System.ComponentModel.TypeConverter.dll
Dependency assembly - Mono.Security.dll
Dependency assembly - System.Numerics.Vectors.dll
Dependency assembly - System.Linq.Queryable.dll
Dependency assembly - System.DirectoryServices.dll
Dependency assembly - System.Security.Cryptography.Hashing.dll
Dependency assembly - Accessibility.dll

Starting: C:\Program Files\Unity\Hub\Editor\2022.3.38f1\Editor\Data\bee_backend.exe --dont-print-to-structured-log --ipc --dagfile="Library/Bee/Player1e6ced2a.dag" --profile="Library/Bee/backend1.traceevents" Player
WorkingDir: C:/Users/foxgen/Horror
DisplayProgressbar: Incremental Player Build
ExitCode: 0 Duration: 5s543ms
Refreshing native plugins compatible for Editor in 6.94 ms, found 3 plugins.
Preloading 0 native plugins for Editor in 0.00 ms.

-------------------------------------------------------------------------------
Build Report
Information on used Assets is not available, since player data was not rebuilt.
Do a clean build to view the Asset build report information.
-------------------------------------------------------------------------------
Unloading 13 Unused Serialized files (Serialized files now loaded: 0)
Unloading 487 unused Assets / (39.1 MB). Loaded Objects now: 6680.
Memory consumption went from 297.5 MB to 258.3 MB.
Total: 16.342300 ms (FindLiveObjects: 0.871900 ms CreateObjectMapping: 0.409900 ms MarkObjects: 8.140300 ms  DeleteObjects: 6.919000 ms)

DisplayProgressNotification: Build Successful
Build Finished, Result: Success.
##utp:{"type":"PlayerBuildInfo","version":2,"phase":"Immediate","time":1725975786620,"processId":23928,"steps":[{"description":"Preprocess Player","duration":1186},{"description":"Prepare For Build","duration":4},{"description":"ProducePlayerScriptAssemblies","duration":1885},{"description":"Verify Build setup","duration":3787},{"description":"Prepare assets for target platform","duration":137},{"description":"Prepare splash screen","duration":108},{"description":"Run script only build","duration":122},{"description":"Postprocess built player","duration":7819}],"duration":15048}
[PhysX] Initialized MultithreadedTaskDispatcher with 28 workers.
Unloading 0 Unused Serialized files (Serialized files now loaded: 0)
Loaded scene 'Temp/__Backupscenes/0.backup'
	Deserialize:            2.152 ms
	Integration:            311.341 ms
	Integration of assets:  0.001 ms
	Thread Wait Time:       0.031 ms
	Total Operation Time:   313.525 ms
Unloading 0 unused Assets / (8.0 MB). Loaded Objects now: 6633.
Memory consumption went from 256.9 MB to 248.9 MB.
Total: 9.112700 ms (FindLiveObjects: 0.643400 ms CreateObjectMapping: 0.407400 ms MarkObjects: 8.049000 ms  DeleteObjects: 0.011900 ms)

Batchmode quit successfully invoked - shutting down!
Killing ADB server in 0.2905083 seconds.
Start importing ProjectSettings/ProjectSettings.asset using Guid(00000000000000004000000000000000) Importer(-1,00000000000000000000000000000000) [PhysX] Initialized MultithreadedTaskDispatcher with 28 workers.
 -> (artifact id: '7ce0c50db14d546700242d529b3c6b72') in 0.005161 seconds
Refreshing native plugins compatible for Editor in 6.97 ms, found 3 plugins.
Preloading 0 native plugins for Editor in 0.00 ms.
Asset Pipeline Refresh (id=78f323c3e441eb74f8bbc31b52b1351f): Total: 0.142 seconds - Initiated by StopAssetImportingV2(NoUpdateAssetOptions)
[PhysX] Initialized MultithreadedTaskDispatcher with 28 workers.
[Licensing::IpcConnector] License Notification channel disconnected successfully.
[Licensing::IpcConnector] License Client channel disconnected successfully.
Cleanup mono
[Performance] WinEditorMain                                                                                                  :        1 samples, Peak.  4.33 s (1.0x), Avg.  4.33 s, Total. 4.327 s (4.7%)
[Performance] WinEditorMain.ConfigureCrashHandler                                                                            :        1 samples, Peak.  69.7 us (1.0x), Avg.  69.7 us, Total. 69.70 us (0.0%)
[Performance] WinEditorMain.CurlRequestInitialize                                                                            :        1 samples, Peak.  3.95 ms (1.0x), Avg.  3.95 ms, Total. 3.950 ms (0.0%)
[Performance] WinEditorMain.SetupLogFile                                                                                     :        1 samples, Peak.  1.23 ms (1.0x), Avg.  1.23 ms, Total. 1.233 ms (0.0%)
[Performance] WinEditorMain.RunNativeTestsIfRequiredAndExit                                                                  :        1 samples, Peak.   400 ns (1.0x), Avg.   400 ns, Total. 400.0 ns (0.0%)
[Performance] WinEditorMain.Licensing                                                                                        :        1 samples, Peak.  4.29 s (1.0x), Avg.  4.29 s, Total. 4.287 s (4.6%)
[Performance] WinEditorMain.InitializeCrashHandler                                                                           :        1 samples, Peak.  23.0 ms (1.0x), Avg.  23.0 ms, Total. 23.02 ms (0.0%)
[Performance] WinEditorMain.CreateApplication                                                                                :        1 samples, Peak.  3.31 ms (1.0x), Avg.  3.31 ms, Total. 3.308 ms (0.0%)
[Performance] Application.InitializeProject                                                                                  :        1 samples, Peak.  69.8 s (1.0x), Avg.  69.8 s, Total. 69.81 s (75.5%)
[Performance] Application.PackageManager.StartServer                                                                         :        1 samples, Peak.  9.13 ms (1.0x), Avg.  9.13 ms, Total. 9.134 ms (0.0%)
[Performance] Application.AcquireProjectLock                                                                                 :        1 samples, Peak.  11.5 ms (1.0x), Avg.  11.5 ms, Total. 11.49 ms (0.0%)
[Performance] Application.InitializeEngineNoGraphics                                                                         :        1 samples, Peak.   210 ms (1.0x), Avg.   210 ms, Total. 209.9 ms (0.2%)
[Performance] Application.PackageManager.Initialize                                                                          :        1 samples, Peak.   981 ms (1.0x), Avg.   981 ms, Total. 980.7 ms (1.1%)
[Performance] Connecting to Package Manager                                                                                  :       99 samples, Peak.  67.3 us (62.3x), Avg.  1.08 us, Total. 107.0 us (0.0%)
[Performance] Application.EngineGraphics.Initialize                                                                          :        1 samples, Peak.  1.09 s (1.0x), Avg.  1.09 s, Total. 1.090 s (1.2%)
[Performance] Application.GI.Initialize                                                                                      :        1 samples, Peak.  21.2 ms (1.0x), Avg.  21.2 ms, Total. 21.21 ms (0.0%)
[Performance] Application.LoadAllDefaultResourcesFromEditor                                                                  :        1 samples, Peak.  4.53 ms (1.0x), Avg.  4.53 ms, Total. 4.529 ms (0.0%)
[Performance] Application.LoadMonoAssemblies                                                                                 :        1 samples, Peak.  6.40 s (1.0x), Avg.  6.40 s, Total. 6.397 s (6.9%)
[Performance] RestoreManagedReferences                                                                                       :        2 samples, Peak.   553 ms (2.0x), Avg.   276 ms, Total. 552.9 ms (0.6%)
[Performance] EditorResources.Load                                                                                           :       11 samples, Peak.  32.4 ms (8.5x), Avg.  3.81 ms, Total. 41.94 ms (0.0%)
[Performance] InitializeOnLoad ObjectSelectorSearch                                                                          :        2 samples, Peak.  1.01 ms (1.2x), Avg.   836 us, Total. 1.672 ms (0.0%)
[Performance] InitializeOnLoad CacheServerWindow                                                                             :        2 samples, Peak.  29.4 us (1.2x), Avg.  24.4 us, Total. 48.70 us (0.0%)
[Performance] InitializeOnLoad SettingsService                                                                               :        2 samples, Peak.  15.8 us (1.2x), Avg.  12.7 us, Total. 25.40 us (0.0%)
[Performance] InitializeOnLoad PlayModeDownload                                                                              :        2 samples, Peak.  2.73 ms (1.5x), Avg.  1.85 ms, Total. 3.696 ms (0.0%)
[Performance] InitializeOnLoad UnityConnect                                                                                  :        2 samples, Peak.   128 us (1.1x), Avg.   119 us, Total. 237.5 us (0.0%)
[Performance] InitializeOnLoad UISystemProfilerRenderService                                                                 :        2 samples, Peak.  15.7 us (1.2x), Avg.  13.3 us, Total. 26.70 us (0.0%)
[Performance] InitializeOnLoad ManagedDebugger                                                                               :        2 samples, Peak.   965 us (1.6x), Avg.   594 us, Total. 1.189 ms (0.0%)
[Performance] InitializeOnLoad SearchService                                                                                 :        2 samples, Peak.   193 us (1.1x), Avg.   183 us, Total. 365.2 us (0.0%)
[Performance] InitializeOnLoad AddComponentWindow                                                                            :        2 samples, Peak.   178 us (1.0x), Avg.   175 us, Total. 349.8 us (0.0%)
[Performance] InitializeOnLoad EditMode                                                                                      :        2 samples, Peak.  1.26 ms (1.4x), Avg.   921 us, Total. 1.842 ms (0.0%)
[Performance] InitializeOnLoad CloudBuild                                                                                    :        2 samples, Peak.  8.90 us (1.0x), Avg.  8.60 us, Total. 17.20 us (0.0%)
[Performance] InitializeOnLoad PrefabInstanceChangedListener                                                                 :        2 samples, Peak.   275 us (1.1x), Avg.   248 us, Total. 495.3 us (0.0%)
[Performance] InitializeOnLoad MixerEffectDefinitionReloader                                                                 :        2 samples, Peak.  7.57 ms (1.5x), Avg.  5.03 ms, Total. 10.06 ms (0.0%)
[Performance] InitializeOnLoad DrivenRectTransformUndo                                                                       :        2 samples, Peak.   395 us (1.0x), Avg.   378 us, Total. 755.6 us (0.0%)
[Performance] InitializeOnLoad ProjectSearch                                                                                 :        2 samples, Peak.   103 us (1.1x), Avg.  93.1 us, Total. 186.1 us (0.0%)
[Performance] InitializeOnLoad WindowLayout                                                                                  :        2 samples, Peak.   551 us (1.2x), Avg.   470 us, Total. 939.6 us (0.0%)
[Performance] InitializeOnLoad ShortcutIntegration                                                                           :        2 samples, Peak. 100.0 us (1.0x), Avg.  97.9 us, Total. 195.7 us (0.0%)
[Performance] InitializeOnLoad MenuItems                                                                                     :        2 samples, Peak.   139 us (1.1x), Avg.   131 us, Total. 262.6 us (0.0%)
[Performance] InitializeOnLoad ManagedDebuggerWindow                                                                         :        2 samples, Peak.   239 us (1.0x), Avg.   235 us, Total. 470.7 us (0.0%)
[Performance] InitializeOnLoad AssetStoreContext                                                                             :        2 samples, Peak.  32.8 ms (1.6x), Avg.  20.3 ms, Total. 40.53 ms (0.0%)
[Performance] InitializeOnLoad NativeFormatImporterUtility                                                                   :        2 samples, Peak.  3.21 ms (1.1x), Avg.  2.89 ms, Total. 5.775 ms (0.0%)
[Performance] InitializeOnLoad SceneSearch                                                                                   :        2 samples, Peak.   181 us (1.2x), Avg.   146 us, Total. 291.8 us (0.0%)
[Performance] InitializeOnLoad EditorMonitor                                                                                 :        2 samples, Peak.  1.02 ms (1.1x), Avg.   933 us, Total. 1.865 ms (0.0%)
[Performance] InitializeOnLoad RetainedMode                                                                                  :        2 samples, Peak.  3.77 ms (1.1x), Avg.  3.54 ms, Total. 7.088 ms (0.0%)
[Performance] InitializeOnLoad EditorShaderLoader                                                                            :        2 samples, Peak.  1.55 ms (1.2x), Avg.  1.25 ms, Total. 2.498 ms (0.0%)
[Performance] InitializeOnLoad EditorDelegateRegistration                                                                    :        2 samples, Peak.   878 us (1.0x), Avg.   847 us, Total. 1.693 ms (0.0%)
[Performance] InitializeOnLoad UIDocumentHierarchyWatcher                                                                    :        2 samples, Peak.   153 us (1.1x), Avg.   141 us, Total. 282.5 us (0.0%)
[Performance] InitializeOnLoad LiveReloadTrackerCreator                                                                      :        2 samples, Peak.   291 us (1.1x), Avg.   266 us, Total. 532.2 us (0.0%)
[Performance] InitializeOnLoad UxmlObjectEditorFactories                                                                     :        2 samples, Peak.   834 us (1.2x), Avg.   698 us, Total. 1.396 ms (0.0%)
[Performance] InitializeOnLoad UXMLEditorFactories                                                                           :        2 samples, Peak.   106 ms (1.1x), Avg.  98.4 ms, Total. 196.8 ms (0.2%)
[Performance] InitializeOnLoad CloudBuildPoller                                                                              :        2 samples, Peak.   529 us (1.1x), Avg.   494 us, Total. 988.7 us (0.0%)
[Performance] InitializeOnLoad AdsService                                                                                    :        2 samples, Peak.  2.71 ms (1.0x), Avg.  2.65 ms, Total. 5.293 ms (0.0%)
[Performance] InitializeOnLoad EditorGameServicesAnalytics                                                                   :        2 samples, Peak.  2.47 ms (1.5x), Avg.  1.62 ms, Total. 3.246 ms (0.0%)
[Performance] InitializeOnLoad UDPService                                                                                    :        2 samples, Peak.   345 us (1.0x), Avg.   339 us, Total. 678.5 us (0.0%)
[Performance] InitializeOnLoad BuildService                                                                                  :        2 samples, Peak.   325 us (1.1x), Avg.   297 us, Total. 593.7 us (0.0%)
[Performance] InitializeOnLoad ServicesRepository                                                                            :        2 samples, Peak.  1.60 us (1.0x), Avg.  1.55 us, Total. 3.100 us (0.0%)
[Performance] InitializeOnLoad PurchasingService                                                                             :        2 samples, Peak.  9.84 ms (1.1x), Avg.  9.36 ms, Total. 18.73 ms (0.0%)
[Performance] InitializeOnLoad AnalyticsService                                                                              :        2 samples, Peak.   336 us (1.1x), Avg.   303 us, Total. 606.7 us (0.0%)
[Performance] InitializeOnLoad CrashService                                                                                  :        2 samples, Peak.   303 us (1.1x), Avg.   270 us, Total. 539.2 us (0.0%)
[Performance] InitializeOnLoad SearchWindow                                                                                  :        2 samples, Peak.   269 us (1.1x), Avg.   240 us, Total. 480.0 us (0.0%)
[Performance] InitializeOnLoad CustomIndexers                                                                                :        2 samples, Peak.  28.6 ms (1.0x), Avg.  28.5 ms, Total. 57.03 ms (0.1%)
[Performance] InitializeOnLoad SearchMonitor                                                                                 :        2 samples, Peak.  2.19 ms (1.2x), Avg.  1.81 ms, Total. 3.612 ms (0.0%)
[Performance] InitializeOnLoad ParameterControllerEditor                                                                     :        2 samples, Peak.  55.9 us (1.3x), Avg.  42.2 us, Total. 84.30 us (0.0%)
[Performance] InitializeOnLoad LayerSettingsWindow                                                                           :        2 samples, Peak.  38.6 us (1.4x), Avg.  27.1 us, Total. 54.10 us (0.0%)
[Performance] InitializeOnLoad PackageManagerHookGUIDConverter.RegisterPackagesEventHandler                                  :        2 samples, Peak.  2.95 ms (1.9x), Avg.  1.59 ms, Total. 3.185 ms (0.0%)
[Performance] InitializeOnLoad EditorDragAndDrop.RegisterEditorClient                                                        :        2 samples, Peak.   772 us (1.2x), Avg.   648 us, Total. 1.295 ms (0.0%)
[Performance] InitializeOnLoad EditorEventCallbacks.InitializeFontAssetResourceChangeCallBacks                               :        2 samples, Peak.  4.01 ms (1.4x), Avg.  2.86 ms, Total. 5.710 ms (0.0%)
[Performance] InitializeOnLoad SceneTemplateService.Init                                                                     :        2 samples, Peak.  2.22 ms (1.1x), Avg.  1.97 ms, Total. 3.947 ms (0.0%)
[Performance] InitializeOnLoad DiagnosticSwitchesConsoleMessage.Init                                                         :        2 samples, Peak.  8.76 ms (1.8x), Avg.  4.76 ms, Total. 9.510 ms (0.0%)
[Performance] InitializeOnLoad SysrootManager.Initialize                                                                     :        2 samples, Peak.  22.1 us (1.1x), Avg.  19.8 us, Total. 39.70 us (0.0%)
[Performance] InitializeOnLoad AssetPostprocessingInternal.RefreshCustomDependencies                                         :        2 samples, Peak.  6.07 ms (1.3x), Avg.  4.77 ms, Total. 9.549 ms (0.0%)
[Performance] InitializeOnLoad SceneViewMotion.RegisterShortcutContexts                                                      :        2 samples, Peak.   338 us (1.2x), Avg.   278 us, Total. 555.5 us (0.0%)
[Performance] InitializeOnLoad ScopedRegistryAddedPopup.SubscribeToRegistriesAdded                                           :        2 samples, Peak.  39.5 ms (1.5x), Avg.  26.7 ms, Total. 53.45 ms (0.1%)
[Performance] InitializeOnLoad PackageManagerWindow.EditorInitializedInSafeMode                                              :        2 samples, Peak.   319 us (1.0x), Avg.   315 us, Total. 630.0 us (0.0%)
[Performance] InitializeOnLoad SceneVisibilityManager.Initialize                                                             :        2 samples, Peak.  5.01 ms (1.5x), Avg.  3.26 ms, Total. 6.510 ms (0.0%)
[Performance] InitializeOnLoad RectSelection.RegisterShortcutContext                                                         :        2 samples, Peak.   437 us (1.1x), Avg.   381 us, Total. 761.4 us (0.0%)
[Performance] InitializeOnLoad EditorWindow.Initialize                                                                       :        2 samples, Peak.   502 us (1.1x), Avg.   448 us, Total. 896.1 us (0.0%)
[Performance] InitializeOnLoad MemoryProfilerCompilationGuard.InjectCompileGuard                                             :        2 samples, Peak.   234 us (1.3x), Avg.   179 us, Total. 358.4 us (0.0%)
[Performance] InitializeOnLoad ToolShortcutContext.Init                                                                      :        2 samples, Peak.   312 us (1.2x), Avg.   252 us, Total. 503.9 us (0.0%)
[Performance] AssemblyReloadEvents.afterAssemblyReload: UnityEditor.SceneTemplate.SceneTemplateService.AfterAssemblyReload   :        2 samples, Peak.  6.02 ms (1.9x), Avg.  3.24 ms, Total. 6.471 ms (0.0%)
[Performance] ProcessService.EditorAfterLoadAllAssemblies                                                                    :        2 samples, Peak.   578 us (1.0x), Avg.   570 us, Total. 1.140 ms (0.0%)
[Performance] Application.ReadLicenseInfo                                                                                    :        1 samples, Peak.  15.4 ms (1.0x), Avg.  15.4 ms, Total. 15.40 ms (0.0%)
[Performance] Application.InitialRefresh                                                                                     :        1 samples, Peak.  55.7 s (1.0x), Avg.  55.7 s, Total. 55.70 s (60.2%)
[Performance] Compiling Scripts                                                                                              :        1 samples, Peak.  1.81 s (1.0x), Avg.  1.81 s, Total. 1.814 s (2.0%)
[Performance] AssemblyReloadEvents.beforeAssemblyReload: UnityEditor.SceneTemplate.SceneTemplateService.BeforeAssemblyReload :        1 samples, Peak.   691 us (1.0x), Avg.   691 us, Total. 691.1 us (0.0%)
[Performance] InitializeOnLoad InputSystem                                                                                   :        1 samples, Peak.   104 ms (1.0x), Avg.   104 ms, Total. 103.8 ms (0.1%)
[Performance] InitializeOnLoad TouchSimulation                                                                               :        1 samples, Peak.   248 us (1.0x), Avg.   248 us, Total. 248.2 us (0.0%)
[Performance] InitializeOnLoad BurstLoader                                                                                   :        1 samples, Peak.  5.50 s (1.0x), Avg.  5.50 s, Total. 5.498 s (5.9%)
[Performance] InitializeOnLoad ShadowCasterGroup2DManager                                                                    :        1 samples, Peak.   279 us (1.0x), Avg.   279 us, Total. 278.6 us (0.0%)
[Performance] InitializeOnLoad OnDomainReload                                                                                :        1 samples, Peak.   900 us (1.0x), Avg.   900 us, Total. 900.0 us (0.0%)
[Performance] InitializeOnLoad EditorInitialize                                                                              :        4 samples, Peak.  28.6 ms (3.5x), Avg.  8.20 ms, Total. 32.80 ms (0.0%)
[Performance] InitializeOnLoad CanvasesAndTheirOwners                                                                        :        1 samples, Peak.   360 us (1.0x), Avg.   360 us, Total. 359.7 us (0.0%)
[Performance] InitializeOnLoad ReadmeEditor                                                                                  :        1 samples, Peak.   341 us (1.0x), Avg.   341 us, Total. 340.7 us (0.0%)
[Performance] InitializeOnLoad ProbeGIBaking                                                                                 :        1 samples, Peak.  7.61 ms (1.0x), Avg.  7.61 ms, Total. 7.609 ms (0.0%)
[Performance] InitializeOnLoad FilterWindow                                                                                  :        1 samples, Peak.  92.1 us (1.0x), Avg.  92.1 us, Total. 92.10 us (0.0%)
[Performance] InitializeOnLoad RealtimeProbeSubdivisionDebug                                                                 :        1 samples, Peak.   248 us (1.0x), Avg.   248 us, Total. 247.5 us (0.0%)
[Performance] InitializeOnLoad CinemachineStoryboardMute                                                                     :        1 samples, Peak.   525 us (1.0x), Avg.   525 us, Total. 524.7 us (0.0%)
[Performance] InitializeOnLoad SaveDuringPlay                                                                                :        1 samples, Peak.   140 us (1.0x), Avg.   140 us, Total. 140.4 us (0.0%)
[Performance] InitializeOnLoad CollectGizmoDrawers                                                                           :        1 samples, Peak.  25.1 ms (1.0x), Avg.  25.1 ms, Total. 25.08 ms (0.0%)
[Performance] InitializeOnLoad CinemachineScreenComposerGuidesGlobalDraggable                                                :        1 samples, Peak.   372 us (1.0x), Avg.   372 us, Total. 371.7 us (0.0%)
[Performance] InitializeOnLoad CinemachineEditorAnalytics                                                                    :        1 samples, Peak.   101 us (1.0x), Avg.   101 us, Total. 101.4 us (0.0%)
[Performance] InitializeOnLoad CreateRigWithUndo                                                                             :        1 samples, Peak.   281 us (1.0x), Avg.   281 us, Total. 281.3 us (0.0%)
[Performance] InitializeOnLoad CreatePipelineWithUndo                                                                        :        1 samples, Peak.   351 us (1.0x), Avg.   351 us, Total. 350.7 us (0.0%)
[Performance] InitializeOnLoad SyncCacheEnabledSetting                                                                       :        1 samples, Peak.  1.10 ms (1.0x), Avg.  1.10 ms, Total. 1.099 ms (0.0%)
[Performance] InitializeOnLoad CinemachineColliderPrefs                                                                      :        1 samples, Peak.   358 us (1.0x), Avg.   358 us, Total. 358.4 us (0.0%)
[Performance] InitializeOnLoad PlasticPlugin                                                                                 :        1 samples, Peak.   189 ms (1.0x), Avg.   189 ms, Total. 188.7 ms (0.2%)
[Performance] InitializeOnLoad VSUsageUtility                                                                                :        1 samples, Peak.   135 ms (1.0x), Avg.   135 ms, Total. 135.3 ms (0.1%)
[Performance] InitializeOnLoad NodeClassCache                                                                                :        1 samples, Peak.  16.4 us (1.0x), Avg.  16.4 us, Total. 16.40 us (0.0%)
[Performance] InitializeOnLoad ShaderGraphMaterialsUpdater                                                                   :        2 samples, Peak.   873 us (1.7x), Avg.   505 us, Total. 1.010 ms (0.0%)
[Performance] InitializeOnLoad ToolbarBootstrap                                                                              :        1 samples, Peak.  1.25 s (1.0x), Avg.  1.25 s, Total. 1.249 s (1.4%)
[Performance] Package.AsyncRequest                                                                                           :        9 samples, Peak.  2.86 ms (8.9x), Avg.   320 us, Total. 2.878 ms (0.0%)
[Performance] InitializeOnLoad BackgroundWatcher                                                                             :        1 samples, Peak.   221 us (1.0x), Avg.   221 us, Total. 220.9 us (0.0%)
[Performance] InitializeOnLoad UnityTestProtocolStarter                                                                      :        1 samples, Peak.   370 us (1.0x), Avg.   370 us, Total. 370.1 us (0.0%)
[Performance] InitializeOnLoad TestStarter                                                                                   :        1 samples, Peak.  1.13 ms (1.0x), Avg.  1.13 ms, Total. 1.128 ms (0.0%)
[Performance] InitializeOnLoad RerunCallbackInitializer                                                                      :        1 samples, Peak.  4.87 ms (1.0x), Avg.  4.87 ms, Total. 4.875 ms (0.0%)
[Performance] InitializeOnLoad VisualStudioEditor                                                                            :        1 samples, Peak.  18.8 ms (1.0x), Avg.  18.8 ms, Total. 18.84 ms (0.0%)
[Performance] InitializeOnLoad TestRunnerApiListener                                                                         :        1 samples, Peak.   961 us (1.0x), Avg.   961 us, Total. 961.1 us (0.0%)
[Performance] InitializeOnLoad VisualStudioIntegration                                                                       :        1 samples, Peak.  2.72 ms (1.0x), Avg.  2.72 ms, Total. 2.718 ms (0.0%)
[Performance] InitializeOnLoad PrefabLayoutRebuilder                                                                         :        1 samples, Peak.   487 us (1.0x), Avg.   487 us, Total. 486.6 us (0.0%)
[Performance] InitializeOnLoad RiderScriptEditor                                                                             :        1 samples, Peak.  8.04 ms (1.0x), Avg.  8.04 ms, Total. 8.040 ms (0.0%)
[Performance] InitializeOnLoad CallbackInitializer                                                                           :        1 samples, Peak.  1.66 ms (1.0x), Avg.  1.66 ms, Total. 1.656 ms (0.0%)
[Performance] InitializeOnLoad HierarchyDecorator                                                                            :        1 samples, Peak.  15.9 ms (1.0x), Avg.  15.9 ms, Total. 15.93 ms (0.0%)
[Performance] InitializeOnLoad Constants                                                                                     :        1 samples, Peak.  1.24 ms (1.0x), Avg.  1.24 ms, Total. 1.236 ms (0.0%)
[Performance] InitializeOnLoad NavigationWindow                                                                              :        1 samples, Peak.   967 us (1.0x), Avg.   967 us, Total. 967.2 us (0.0%)
[Performance] InitializeOnLoad VSCodeScriptEditor                                                                            :        1 samples, Peak.  4.76 ms (1.0x), Avg.  4.76 ms, Total. 4.757 ms (0.0%)
[Performance] InitializeOnLoad EditorToolManager                                                                             :        1 samples, Peak.  4.22 ms (1.0x), Avg.  4.22 ms, Total. 4.218 ms (0.0%)
[Performance] InitializeOnLoad Renderer2DAnalytics                                                                           :        1 samples, Peak.   162 us (1.0x), Avg.   162 us, Total. 162.4 us (0.0%)
[Performance] InitializeOnLoad MaterialReimporter.RegisterUpgraderReimport                                                   :        2 samples, Peak.   468 us (1.7x), Avg.   277 us, Total. 553.8 us (0.0%)
[Performance] InitializeOnLoad TestJobDataHolder.ResumeRunningJobs                                                           :        1 samples, Peak.  1.59 ms (1.0x), Avg.  1.59 ms, Total. 1.592 ms (0.0%)
[Performance] InitializeOnLoad AnalyticsReporter.RegisterCallbacks                                                           :        1 samples, Peak.   533 us (1.0x), Avg.   533 us, Total. 532.7 us (0.0%)
[Performance] InitializeOnLoad CoreRenderPipelinePreferences.InitPreferenceProviders                                         :        1 samples, Peak.  72.2 ms (1.0x), Avg.  72.2 ms, Total. 72.16 ms (0.1%)
[Performance] InitializeOnLoad VolumeGizmoDrawer.InitVolumeGizmoCallbacks                                                    :        1 samples, Peak.   629 us (1.0x), Avg.   629 us, Total. 629.4 us (0.0%)
[Performance] InitializeOnLoad DebugManagerWindowLifetimeAnalytic.SubscribeToDebugManagerOpenCloseWindows                    :        1 samples, Peak.  1.14 ms (1.0x), Avg.  1.14 ms, Total. 1.137 ms (0.0%)
[Performance] InitializeOnLoad VisualStudioEditor.LegacyVisualStudioCodePackageDisabler                                      :        1 samples, Peak.  7.28 ms (1.0x), Avg.  7.28 ms, Total. 7.278 ms (0.0%)
[Performance] InitializeOnLoad ProjectAssetViewerCustomisation.Initialize                                                    :        1 samples, Peak.  2.19 ms (1.0x), Avg.  2.19 ms, Total. 2.193 ms (0.0%)
[Performance] DidReloadScriptsCinemachineExtension.OnScriptReload                                                            :        1 samples, Peak.   832 us (1.0x), Avg.   832 us, Total. 832.0 us (0.0%)
[Performance] DidReloadScriptsCinemachineVirtualCameraBase.OnScriptReload                                                    :        1 samples, Peak.   165 us (1.0x), Avg.   165 us, Total. 164.9 us (0.0%)
[Performance] DidReloadScriptsAdvancedDropdownWindow.OnScriptReload                                                          :        2 samples, Peak.   342 us (1.1x), Avg.   313 us, Total. 626.7 us (0.0%)
[Performance] DidReloadScriptsTestRunnerWindow.CompilationCallback                                                           :        1 samples, Peak.   399 us (1.0x), Avg.   399 us, Total. 399.2 us (0.0%)
[Performance] DidReloadScriptsTestListCache.ScriptReloaded                                                                   :        1 samples, Peak.  2.17 ms (1.0x), Avg.  2.17 ms, Total. 2.174 ms (0.0%)
[Performance] DidReloadScriptsVolumeComponentEditor.OnEditorReload                                                           :        1 samples, Peak.  30.4 ms (1.0x), Avg.  30.4 ms, Total. 30.41 ms (0.0%)
[Performance] DidReloadScriptsDebugWindow.OnEditorReload                                                                     :        1 samples, Peak.  8.97 ms (1.0x), Avg.  8.97 ms, Total. 8.966 ms (0.0%)
[Performance] DidReloadScriptsLookDev.OnEditorReload                                                                         :        1 samples, Peak.   407 us (1.0x), Avg.   407 us, Total. 407.1 us (0.0%)
[Performance] CinemachineSettings.OnPostprocessAllAssets                                                                     :        6 samples, Peak.   443 us (3.2x), Avg.   138 us, Total. 825.0 us (0.0%)
[Performance] UniversalRenderPipelineGlobalSettingsPostprocessor.OnPostprocessAllAssets                                      :        6 samples, Peak.  2.24 ms (3.0x), Avg.   755 us, Total. 4.529 ms (0.0%)
[Performance] SyncVS.PostprocessSyncProject                                                                                  :        3 samples, Peak.  4.96 ms (2.5x), Avg.  1.96 ms, Total. 5.877 ms (0.0%)
[Performance] Application.ImportPackagesAndSetTemplateWhenCreatingProject                                                    :        1 samples, Peak.  79.6 ms (1.0x), Avg.  79.6 ms, Total. 79.62 ms (0.1%)
[Performance] Application.SyncCurrentColorSpace                                                                              :        1 samples, Peak.  1.79 s (1.0x), Avg.  1.79 s, Total. 1.792 s (1.9%)
[Performance] Application.OnUsbDevicesChanged                                                                                :        1 samples, Peak.  4.51 ms (1.0x), Avg.  4.51 ms, Total. 4.509 ms (0.0%)
[Performance] Application.AssetInstanceCacheUpdate                                                                           :        1 samples, Peak.   300 ns (1.0x), Avg.   300 ns, Total. 300.0 ns (0.0%)
[Performance] Application.UnityExtensions.Initialize                                                                         :        1 samples, Peak.  8.20 ms (1.0x), Avg.  8.20 ms, Total. 8.202 ms (0.0%)
[Performance] CodeEditorProjectSync.SyncEditorProject                                                                        :        1 samples, Peak.   426 ms (1.0x), Avg.   426 ms, Total. 425.9 ms (0.5%)
[Performance] Application.ExecuteStartups                                                                                    :        1 samples, Peak.   269 ms (1.0x), Avg.   269 ms, Total. 268.9 ms (0.3%)
[Performance] Menu.RegisterMenuInterface                                                                                     :       26 samples, Peak.  2.90 us (4.9x), Avg.   592 ns, Total. 15.40 us (0.0%)
[Performance] Gizmo.RebuildRenderers                                                                                         :        2 samples, Peak.   264 ms (2.0x), Avg.   134 ms, Total. 267.1 ms (0.3%)
[Performance] Gizmo.AddGizmoRenderers                                                                                        :      182 samples, Peak.  2.09 ms (46.5x), Avg.  45.1 us, Total. 8.199 ms (0.0%)
[Performance] Application.editorInitializingProject                                                                          :        1 samples, Peak.   109 ms (1.0x), Avg.   109 ms, Total. 108.8 ms (0.1%)
[Performance] Application.InitializeMenu                                                                                     :        1 samples, Peak.   261 ms (1.0x), Avg.   261 ms, Total. 261.3 ms (0.3%)
[Performance] Menu.RebuildAll                                                                                                :        1 samples, Peak.   261 ms (1.0x), Avg.   261 ms, Total. 261.3 ms (0.3%)
[Performance] Menu.BuildRegisteredMenuInterfaces                                                                             :        1 samples, Peak.   232 ms (1.0x), Avg.   232 ms, Total. 232.3 ms (0.3%)
[Performance] Menu.FilterMenuItem                                                                                            :      895 samples, Peak.   156 ms (890.4x), Avg.   175 us, Total. 156.8 ms (0.2%)
[Performance] UpdateAllMenus                                                                                                 :        1 samples, Peak.   841 us (1.0x), Avg.   841 us, Total. 840.6 us (0.0%)
[Performance] Menu.RebuildOSMainMenu                                                                                         :        2 samples, Peak.  27.6 ms (1.7x), Avg.  16.3 ms, Total. 32.67 ms (0.0%)
[Performance] EditorSceneManager.sceneClosing: UnityEditor.SceneVisibilityManager.EditorSceneManagerOnSceneClosing           :        2 samples, Peak.   786 us (2.0x), Avg.   397 us, Total. 794.5 us (0.0%)
[Performance] EditorSceneManager.sceneClosed: HierarchyDecorator.HierarchyDecorator.RemoveScene                              :        2 samples, Peak.   957 us (2.0x), Avg.   480 us, Total. 960.8 us (0.0%)
[Performance] GUIView.RepaintAll.PlayerLoopController                                                                        :        2 samples, Peak.  1.50 us (1.1x), Avg.  1.35 us, Total. 2.700 us (0.0%)
[Performance] EditorSceneManager.newSceneCreated: UnityEditor.SceneTemplate.SceneTemplateService.OnNewSceneCreated           :        1 samples, Peak.   376 us (1.0x), Avg.   376 us, Total. 375.8 us (0.0%)
[Performance] EditorSceneManager.newSceneCreated: UnityEditor.SceneVisibilityManager.EditorSceneManagerOnNewSceneCreated     :        1 samples, Peak.   477 us (1.0x), Avg.   477 us, Total. 477.3 us (0.0%)
[Performance] EditorSceneManager.newSceneCreated: UnityEditor.SceneManagement.StageNavigationManager.OnNewSceneCreated       :        1 samples, Peak.   102 us (1.0x), Avg.   102 us, Total. 101.7 us (0.0%)
[Performance] Application.InvokeFinishedLoadingProject                                                                       :        1 samples, Peak.  14.3 ms (1.0x), Avg.  14.3 ms, Total. 14.30 ms (0.0%)
[Performance] ProcessService.OnProjectLoaded                                                                                 :        1 samples, Peak.  71.2 us (1.0x), Avg.  71.2 us, Total. 71.20 us (0.0%)
[Performance] VersionControl.Task.Wait                                                                                       :        1 samples, Peak.  94.8 us (1.0x), Avg.  94.8 us, Total. 94.80 us (0.0%)
[Performance] Inspector.InitOrRebuild                                                                                        :        2 samples, Peak.   739 us (1.6x), Avg.   473 us, Total. 945.9 us (0.0%)
[Performance] StateMacroSavedEvent.OnWillSaveAssets                                                                          :        2 samples, Peak.   721 us (1.9x), Avg.   382 us, Total. 763.6 us (0.0%)
[Performance] FlowMacroSavedEvent.OnWillSaveAssets                                                                           :        2 samples, Peak.   367 us (1.9x), Avg.   190 us, Total. 379.1 us (0.0%)
[Performance] AssetModificationProcessor.OnWillSaveAssets                                                                    :        2 samples, Peak.   629 us (2.0x), Avg.   317 us, Total. 633.1 us (0.0%)
[Performance] BuilderAssetModificationProcessor.OnWillSaveAssets                                                             :        2 samples, Peak.   711 us (2.0x), Avg.   358 us, Total. 716.5 us (0.0%)
[Performance] TerrainModificationProcessor.OnWillSaveAssets                                                                  :        2 samples, Peak.  1.10 ms (2.0x), Avg.   552 us, Total. 1.105 ms (0.0%)
[Performance] AssetDatabase.ImportAssets                                                                                     :        6 samples, Peak.   167 ms (3.2x), Avg.  51.6 ms, Total. 309.8 ms (0.3%)
[Performance] ShaderImporter.SourceAssetModified                                                                             :        2 samples, Peak.  1000 ns (1.2x), Avg.   850 ns, Total. 1.700 us (0.0%)
[Performance] ShaderIncludeImporter.SourceAssetModified                                                                      :        2 samples, Peak.   900 ns (1.1x), Avg.   800 ns, Total. 1.600 us (0.0%)
[Performance] PresetManagerPostProcessor.OnPreprocessAsset                                                                   :        3 samples, Peak.   987 us (2.8x), Avg.   349 us, Total. 1.046 ms (0.0%)
[Performance] CancelSplashScreenOnAssetChange.OnPreprocessAsset                                                              :        3 samples, Peak.   257 us (2.9x), Avg.  89.0 us, Total. 267.0 us (0.0%)
[Performance] ShaderGraphAssetPostProcessor.OnPreprocessAsset                                                                :        3 samples, Peak.   278 us (2.9x), Avg.  97.1 us, Total. 291.3 us (0.0%)
[Performance] TMPro_TexturePostProcessor.OnPostprocessAllAssets                                                              :        4 samples, Peak.   633 us (2.0x), Avg.   318 us, Total. 1.271 ms (0.0%)
[Performance] AssetPostprocessor.OnPostprocessAllAssets                                                                      :        4 samples, Peak.   507 us (2.0x), Avg.   255 us, Total. 1.018 ms (0.0%)
[Performance] BuilderAssetPostprocessor.OnPostprocessAllAssets                                                               :        4 samples, Peak.  6.84 ms (2.0x), Avg.  3.45 ms, Total. 13.82 ms (0.0%)
[Performance] ArtifactBrowserPostProcessor.OnPostprocessAllAssets                                                            :        4 samples, Peak.   732 us (2.0x), Avg.   368 us, Total. 1.471 ms (0.0%)
[Performance] AssetEvents.OnPostprocessAllAssets                                                                             :        8 samples, Peak.   322 us (2.9x), Avg.   112 us, Total. 899.3 us (0.0%)
[Performance] AudioMixerPostprocessor.OnPostprocessAllAssets                                                                 :        4 samples, Peak.   586 us (2.0x), Avg.   294 us, Total. 1.174 ms (0.0%)
[Performance] StyleCatalogPostProcessor.OnPostprocessAllAssets                                                               :        4 samples, Peak.  36.6 ms (2.0x), Avg.  18.3 ms, Total. 73.14 ms (0.1%)
[Performance] BuildCatalog                                                                                                   :        1 samples, Peak.  34.9 ms (1.0x), Avg.  34.9 ms, Total. 34.89 ms (0.0%)
[Performance] ModelImporterPostProcessor.OnPostprocessAllAssets                                                              :        4 samples, Peak.  1.59 ms (2.0x), Avg.   805 us, Total. 3.218 ms (0.0%)
[Performance] MaterialPostprocessor.OnPostprocessAllAssets                                                                   :        8 samples, Peak.  1.11 ms (2.2x), Avg.   511 us, Total. 4.085 ms (0.0%)
[Performance] RetainedModeAssetPostprocessor.OnPostprocessAllAssets                                                          :        4 samples, Peak.  3.12 ms (2.0x), Avg.  1.57 ms, Total. 6.273 ms (0.0%)
[Performance] AssetChangedListener.OnPostprocessAllAssets                                                                    :        4 samples, Peak.  2.08 ms (1.7x), Avg.  1.24 ms, Total. 4.977 ms (0.0%)
[Performance] PostProcessor.OnPostprocessAllAssets                                                                           :        4 samples, Peak.   569 us (1.9x), Avg.   302 us, Total. 1.209 ms (0.0%)
[Performance] ShaderGraphAssetPostProcessor.OnPostprocessAllAssets                                                           :        4 samples, Peak.  2.29 ms (1.9x), Avg.  1.23 ms, Total. 4.916 ms (0.0%)
[Performance] SpeedTreePostProcessor.OnPostprocessAllAssets                                                                  :        4 samples, Peak.   314 us (1.9x), Avg.   167 us, Total. 666.7 us (0.0%)
[Performance] TextAssetPostProcessor.OnPostprocessAllAssets                                                                  :        4 samples, Peak.   617 us (2.0x), Avg.   312 us, Total. 1.248 ms (0.0%)
[Performance] GenerateAssemblyTypeInfos                                                                                      :        2 samples, Peak.  74.0 ms (1.1x), Avg.  65.9 ms, Total. 131.9 ms (0.1%)
[Performance] AssetDatabase.Refresh                                                                                          :        1 samples, Peak.  12.6 ms (1.0x), Avg.  12.6 ms, Total. 12.55 ms (0.0%)
[Performance] EditorApplication.quitting: Unity.Burst.Editor.BurstLoader.OnEditorApplicationQuitting                         :        1 samples, Peak.  67.1 us (1.0x), Avg.  67.1 us, Total. 67.10 us (0.0%)
[Performance] EditorApplication.quitting: callback in UnityEditor.TextCore.Text.EditorEventCallbacks                         :        1 samples, Peak.  72.5 ms (1.0x), Avg.  72.5 ms, Total. 72.49 ms (0.1%)
[Performance] Killing ADB server                                                                                             :        1 samples, Peak.   293 ms (1.0x), Avg.   293 ms, Total. 293.0 ms (0.3%)
[Performance] Application.Shutdown.PauseProfilerSession                                                                      :        1 samples, Peak.  41.7 ms (1.0x), Avg.  41.7 ms, Total. 41.73 ms (0.0%)
[Performance] Application.Shutdown.PauseAssetImportWorkers                                                                   :        1 samples, Peak.   872 us (1.0x), Avg.   872 us, Total. 871.5 us (0.0%)
[Performance] Application.Shutdown.SaveAssets                                                                                :        1 samples, Peak.   164 ms (1.0x), Avg.   164 ms, Total. 164.1 ms (0.2%)
[Performance] Application.Shutdown.CleanupRenderPipeline                                                                     :        1 samples, Peak.  2.90 us (1.0x), Avg.  2.90 us, Total. 2.900 us (0.0%)
[Performance] Application.Shutdown.StopPreloadManager                                                                        :        1 samples, Peak.  9.91 ms (1.0x), Avg.  9.91 ms, Total. 9.905 ms (0.0%)
[Performance] Application.Shutdown.DestroyWorld                                                                              :        1 samples, Peak.  1.01 ms (1.0x), Avg.  1.01 ms, Total. 1.011 ms (0.0%)
[Performance] Application.Shutdown.CleanupAfterLoad                                                                          :        1 samples, Peak.   304 ms (1.0x), Avg.   304 ms, Total. 304.1 ms (0.3%)
[Performance] Application.Shutdown.Progress                                                                                  :        1 samples, Peak.  8.90 us (1.0x), Avg.  8.90 us, Total. 8.900 us (0.0%)
[Performance] Application.Shutdown.GICleanupManagers                                                                         :        1 samples, Peak.   105 ms (1.0x), Avg.   105 ms, Total. 105.1 ms (0.1%)
[Performance] Application.Shutdown.MenuCleanupClass                                                                          :        1 samples, Peak.   368 us (1.0x), Avg.   368 us, Total. 368.3 us (0.0%)
[Performance] Application.Shutdown.ADBSaveStateBeforeShutdown                                                                :        1 samples, Peak.  10.5 us (1.0x), Avg.  10.5 us, Total. 10.50 us (0.0%)
[Performance] Application.Shutdown.RemoteShutdown                                                                            :        1 samples, Peak.  1000 ns (1.0x), Avg.  1000 ns, Total. 1000.0 ns (0.0%)
[Performance] Application.Shutdown.CleanupVCProvider                                                                         :        1 samples, Peak.  6.47 ms (1.0x), Avg.  6.47 ms, Total. 6.465 ms (0.0%)
[Performance] Application.Shutdown.InputShutdown                                                                             :        1 samples, Peak.   500 ns (1.0x), Avg.   500 ns, Total. 500.0 ns (0.0%)
[Performance] Application.Shutdown.GizmoManagerDestroy                                                                       :        1 samples, Peak.   937 us (1.0x), Avg.   937 us, Total. 936.5 us (0.0%)
[Performance] Application.Shutdown.ProfilerSession                                                                           :        1 samples, Peak.  9.89 ms (1.0x), Avg.  9.89 ms, Total. 9.888 ms (0.0%)
[Performance] Application.Shutdown.ReleaseGfxWindowOnAllGUIViews                                                             :        1 samples, Peak.   500 ns (1.0x), Avg.   500 ns, Total. 500.0 ns (0.0%)
[Performance] Application.Shutdown.CleanupEngine                                                                             :        1 samples, Peak.   215 ms (1.0x), Avg.   215 ms, Total. 214.8 ms (0.2%)
[Performance] Application.Shutdown.CleanupAssetDatabase                                                                      :        1 samples, Peak.  19.1 ms (1.0x), Avg.  19.1 ms, Total. 19.05 ms (0.0%)
[Performance] Application.Shutdown.ScriptCompilationCleanUp                                                                  :        1 samples, Peak.  18.9 ms (1.0x), Avg.  18.9 ms, Total. 18.91 ms (0.0%)
[Performance] Application.Shutdown.DestroyJobSystem                                                                          :        1 samples, Peak.   237 us (1.0x), Avg.   237 us, Total. 236.6 us (0.0%)
[Performance] Application.Shutdown.CleanupPersistentManager                                                                  :        1 samples, Peak.  2.65 ms (1.0x), Avg.  2.65 ms, Total. 2.653 ms (0.0%)
[Performance] Application.Shutdown.CleanupAsyncReadManager                                                                   :        1 samples, Peak.   424 us (1.0x), Avg.   424 us, Total. 424.2 us (0.0%)
[Performance] Application.Shutdown.CleanupProgressBar                                                                        :        1 samples, Peak.   400 ns (1.0x), Avg.   400 ns, Total. 400.0 ns (0.0%)
[Performance] Application.Shutdown.CleanupMono                                                                               :        1 samples, Peak.   261 ms (1.0x), Avg.   261 ms, Total. 260.7 ms (0.3%)
[Performance] Application.Shutdown.CleanupStdConverters                                                                      :        1 samples, Peak.  12.4 us (1.0x), Avg.  12.4 us, Total. 12.40 us (0.0%)
[Performance] Application.Shutdown.UnloadAllPlatformSupportModuleNativeDlls                                                  :        1 samples, Peak.   600 ns (1.0x), Avg.   600 ns, Total. 600.0 ns (0.0%)
[Performance] Application.Shutdown.UnloadAllPlatformSupportNativeLibraries                                                   :        1 samples, Peak.   200 ns (1.0x), Avg.   200 ns, Total. 200.0 ns (0.0%)
[Performance] Application.Shutdown.CleanupAutoDocumentation                                                                  :        1 samples, Peak.   834 us (1.0x), Avg.   834 us, Total. 834.3 us (0.0%)
[Performance] Application.Shutdown.ShaderNameManagerDestroy                                                                  :        1 samples, Peak.  81.3 us (1.0x), Avg.  81.3 us, Total. 81.30 us (0.0%)
[Performance] Application.Shutdown.CleanupCacheServer                                                                        :        1 samples, Peak. 100.0 ns (1.0x), Avg. 100.0 ns, Total. 100.00 ns (0.0%)
[Performance] Application.Shutdown.Virtualization_Shutdown                                                                   :        1 samples, Peak.   400 ns (1.0x), Avg.   400 ns, Total. 400.0 ns (0.0%)
[Performance] Application.Shutdown.DevConnections                                                                            :        1 samples, Peak.   146 us (1.0x), Avg.   146 us, Total. 146.5 us (0.0%)
Exiting batchmode successfully now!
Exiting without the bug reporter. Application will terminate with return code 0